MultiFile test with blockSize=1024, useCRC=0, useODirect=0
tMultiFile_tmp.dat: blocksize=1024  nfile=0  nblock=1  nCRC=0
  ncont=0,0  cont=0 []  free=[]
tMultiFile_tmp.dat: blocksize=1024  nfile=0  nblock=1  nCRC=0
  ncont=0,0  cont=0 []  free=[]
tMultiFile_tmp.dat: blocksize=1024  nfile=3  nblock=1  nCRC=0
  ncont=0,0  cont=0 []  free=[]
tMultiFile_tmp.dat: blocksize=1024  nfile=3  nblock=1  nCRC=0
  ncont=0,0  cont=0 []  free=[]
file0 0
file1 1
file2 2
[file0 [1,3,4]
  fsize=3072 cur=-1 nest=0 dirty=0
,file1 [5,6]
  fsize=2048 cur=-1 nest=0 dirty=0
,file2 [2,7]
  fsize=2048 cur=-1 nest=0 dirty=0
]
tMultiFile_tmp.dat: blocksize=1024  nfile=3  nblock=8  nCRC=0
  ncont=0,0  cont=0 []  free=[]
file0 0
file1 1
file2 2
test deleteFile
tMultiFile_tmp.dat: blocksize=1024  nfile=2  nblock=8  nCRC=0
  ncont=0,0  cont=0 []  free=[6,5]
file0 0
file1 -1
file2 2
[file0 [1,3,4]
  fsize=3072 cur=0 nest=0 dirty=1
, []
  fsize=0 cur=-1 nest=0 dirty=0
,file2 [2,7,5]
  fsize=2064 cur=2 nest=0 dirty=1
]
tMultiFile_tmp.dat: blocksize=1024  nfile=2  nblock=8  nCRC=0
  ncont=0,0  cont=0 []  free=[6]
file0 0
file1 -1
file2 2

MultiFile test with blockSize=128, useCRC=0, useODirect=0
tMultiFile_tmp.dat: blocksize=128  nfile=0  nblock=1  nCRC=0
  ncont=0,0  cont=0 []  free=[]
tMultiFile_tmp.dat: blocksize=128  nfile=0  nblock=2  nCRC=0
  ncont=0,1  cont=1 [1]  free=[]
tMultiFile_tmp.dat: blocksize=128  nfile=3  nblock=2  nCRC=0
  ncont=0,1  cont=1 [1]  free=[]
tMultiFile_tmp.dat: blocksize=128  nfile=3  nblock=3  nCRC=0
  ncont=1,1  cont=0 [2]  free=[]
file0 0
file1 1
file2 2
[file0 [3,4,5,6,7,8,9,10,19,20,21,22,23,24,25,26,27,28,29,30,31,32,33,34]
  fsize=3072 cur=-1 nest=0 dirty=0
,file1 [35,36,37,38,39,40,41,42,43,44,45,46,47,48,49,50]
  fsize=2048 cur=-1 nest=0 dirty=0
,file2 [11,12,13,14,15,16,17,18,51,52,53,54,55,56,57,58]
  fsize=2048 cur=-1 nest=0 dirty=0
]
tMultiFile_tmp.dat: blocksize=128  nfile=3  nblock=60  nCRC=0
  ncont=1,2  cont=1 [1,59]  free=[]
file0 0
file1 1
file2 2
test deleteFile
tMultiFile_tmp.dat: blocksize=128  nfile=2  nblock=62  nCRC=0
  ncont=3,2  cont=0 [2,60,61]  free=[50,49,48,47,46,45,44,43,42,41,40,39,38,37,36,35]
file0 0
file1 -1
file2 2
[file0 [3,4,5,6,7,8,9,10,19,20,21,22,23,24,25,26,27,28,29,30,31,32,33,34]
  fsize=3072 cur=0 nest=0 dirty=1
, []
  fsize=0 cur=-1 nest=0 dirty=0
,file2 [11,12,13,14,15,16,17,18,51,52,53,54,55,56,57,58,35]
  fsize=2064 cur=16 nest=0 dirty=1
]
tMultiFile_tmp.dat: blocksize=128  nfile=2  nblock=63  nCRC=0
  ncont=3,3  cont=1 [1,59,62]  free=[50,49,48,47,46,45,44,43,42,41,40,39,38,37,36]
file0 0
file1 -1
file2 2

MultiFile test with blockSize=4096, useCRC=1, useODirect=1
tMultiFile_tmp.dat: blocksize=4096  nfile=0  nblock=1  nCRC=0
  ncont=0,0  cont=0 []  free=[]
tMultiFile_tmp.dat: blocksize=4096  nfile=0  nblock=1  nCRC=0
  ncont=0,0  cont=0 []  free=[]
tMultiFile_tmp.dat: blocksize=4096  nfile=3  nblock=1  nCRC=0
  ncont=0,0  cont=0 []  free=[]
tMultiFile_tmp.dat: blocksize=4096  nfile=3  nblock=1  nCRC=0
  ncont=0,0  cont=0 []  free=[]
file0 0
file1 1
file2 2
[file0 [1]
  fsize=3072 cur=0 nest=0 dirty=1
,file1 [3]
  fsize=2048 cur=0 nest=0 dirty=1
,file2 [2]
  fsize=2048 cur=0 nest=0 dirty=1
]
tMultiFile_tmp.dat: blocksize=4096  nfile=3  nblock=4  nCRC=4
  ncont=0,0  cont=0 []  free=[]
file0 0
file1 1
file2 2
test deleteFile
tMultiFile_tmp.dat: blocksize=4096  nfile=2  nblock=3  nCRC=3
  ncont=0,0  cont=0 []  free=[]
file0 0
file1 -1
file2 2
[file0 [1]
  fsize=3072 cur=0 nest=0 dirty=1
, []
  fsize=0 cur=-1 nest=0 dirty=0
,file2 [2]
  fsize=2064 cur=0 nest=0 dirty=1
]
tMultiFile_tmp.dat: blocksize=4096  nfile=2  nblock=3  nCRC=3
  ncont=0,0  cont=0 []  free=[]
file0 0
file1 -1
file2 2

Test a version 1 MultiFile ...
tMultiFile.in: blocksize=128  nfile=2  nblock=57  nCRC=0
  ncont=0,0  cont=0 []  free=[48,47,46,45,44,43,42,41,40,39,38,37,36,35,34]
file0 0
file1 -1
file2 2

Test nested with block sizes 512 and 0
tMultiFile_tmp.nest: blocksize=512  nfile=2  nblock=1  nCRC=0
  ncont=0,0  cont=0 []  free=[]
tnested: blocksize=512  nfile=1  nblock=1  nCRC=0
  ncont=0,0  cont=0 []  free=[]
tMultiFile_tmp.nest: blocksize=512  nfile=2  nblock=2  nCRC=0
  ncont=0,0  cont=0 []  free=[]
tnested: blocksize=512  nfile=1  nblock=1  nCRC=0
  ncont=0,0  cont=0 []  free=[]

Test a large MultiFile ...
test mode: 32962 32961 1 
 1[][1]1 1 2698
test mode: 64965 64962 2 
 0[2,3,4][1]2 3 9122
test mode: 96968 96965 5 
 1[2,3,4][1,5,6,7]1 4 15546
test mode: 128971 128968 8 
 0[2,3,4,8,9,10][1,5,6,7]2 6 21970
test mode: 160974 160971 11 
 1[2,3,4,8,9,10][1,5,6,7,11,12,13]1 7 28394
test mode: 163856 163854 14 
 0[2,3,4,8,9,10,14,15][1,5,6,7,11,12,13]2 8 28986
read the large file
tMultiFile_tmp.large: blocksize=4096  nfile=2  nblock=163856  nCRC=0
  ncont=8,7  cont=0 [2,3,4,8,9,10,14,15]  free=[]
file0 0
file1 1

Test a large MultiFile ...
test mode: 962 961 1 
 1[][1]1 1 142
test mode: 32995 32962 2 
 0[2,3,4,5,6,7,8,9,10,11,12,13,14,15,16,17,18,19,20,21,22,23,24,25,26,27,28,29,30,31,32,33,34][1]2 33 134810
test mode: 65061 64995 35 
 1[2,3,4,5,6,7,8,9,10,11,12,13,14,15,16,17,18,19,20,21,22,23,24,25,26,27,28,29,30,31,32,33,34][1,35,36,37,38,39,40,41,42,43,44,45,46,47,48,49,50,51,52,53,54,55,56,57,58,59,60,61,62,63,64,65,66,67,68,69,70,71,72,73,74,75,76,77,78,79,80,81,82,83,84,85,86,87,88,89,90,91,92,93,94,95,96,97,98,99,100]1 67 269870
test mode: 97128 97061 101 
 0[2,3,4,5,6,7,8,9,10,11,12,13,14,15,16,17,18,19,20,21,22,23,24,25,26,27,28,29,30,31,32,33,34,101,102,103,104,105,106,107,108,109,110,111,112,113,114,115,116,117,118,119,120,121,122,123,124,125,126,127,128,129,130,131,132,133,134,135,136,137,138,139,140,141,142,143,144,145,146,147,148,149,150,151,152,153,154,155,156,157,158,159,160,161,162,163,164,165,166,167][1,35,36,37,38,39,40,41,42,43,44,45,46,47,48,49,50,51,52,53,54,55,56,57,58,59,60,61,62,63,64,65,66,67,68,69,70,71,72,73,74,75,76,77,78,79,80,81,82,83,84,85,86,87,88,89,90,91,92,93,94,95,96,97,98,99,100]2 100 405070
test mode: 129194 129128 168 
 1[2,3,4,5,6,7,8,9,10,11,12,13,14,15,16,17,18,19,20,21,22,23,24,25,26,27,28,29,30,31,32,33,34,101,102,103,104,105,106,107,108,109,110,111,112,113,114,115,116,117,118,119,120,121,122,123,124,125,126,127,128,129,130,131,132,133,134,135,136,137,138,139,140,141,142,143,144,145,146,147,148,149,150,151,152,153,154,155,156,157,158,159,160,161,162,163,164,165,166,167][1,35,36,37,38,39,40,41,42,43,44,45,46,47,48,49,50,51,52,53,54,55,56,57,58,59,60,61,62,63,64,65,66,67,68,69,70,71,72,73,74,75,76,77,78,79,80,81,82,83,84,85,86,87,88,89,90,91,92,93,94,95,96,97,98,99,100,168,169,170,171,172,173,174,175,176,177,178,179,180,181,182,183,184,185,186,187,188,189,190,191,192,193,194,195,196,197,198,199,200,201,202,203,204,205,206,207,208,209,210,211,212,213,214,215,216,217,218,219,220,221,222,223,224,225,226,227,228,229,230,231,232,233]1 133 540266
test mode: 161260 161194 234 
 0[2,3,4,5,6,7,8,9,10,11,12,13,14,15,16,17,18,19,20,21,22,23,24,25,26,27,28,29,30,31,32,33,34,101,102,103,104,105,106,107,108,109,110,111,112,113,114,115,116,117,118,119,120,121,122,123,124,125,126,127,128,129,130,131,132,133,134,135,136,137,138,139,140,141,142,143,144,145,146,147,148,149,150,151,152,153,154,155,156,157,158,159,160,161,162,163,164,165,166,167,234,235,236,237,238,239,240,241,242,243,244,245,246,247,248,249,250,251,252,253,254,255,256,257,258,259,260,261,262,263,264,265,266,267,268,269,270,271,272,273,274,275,276,277,278,279,280,281,282,283,284,285,286,287,288,289,290,291,292,293,294,295,296,297,298,299][1,35,36,37,38,39,40,41,42,43,44,45,46,47,48,49,50,51,52,53,54,55,56,57,58,59,60,61,62,63,64,65,66,67,68,69,70,71,72,73,74,75,76,77,78,79,80,81,82,83,84,85,86,87,88,89,90,91,92,93,94,95,96,97,98,99,100,168,169,170,171,172,173,174,175,176,177,178,179,180,181,182,183,184,185,186,187,188,189,190,191,192,193,194,195,196,197,198,199,200,201,202,203,204,205,206,207,208,209,210,211,212,213,214,215,216,217,218,219,220,221,222,223,224,225,226,227,228,229,230,231,232,233]2 166 675458
test mode: 164176 164140 300 
 1[2,3,4,5,6,7,8,9,10,11,12,13,14,15,16,17,18,19,20,21,22,23,24,25,26,27,28,29,30,31,32,33,34,101,102,103,104,105,106,107,108,109,110,111,112,113,114,115,116,117,118,119,120,121,122,123,124,125,126,127,128,129,130,131,132,133,134,135,136,137,138,139,140,141,142,143,144,145,146,147,148,149,150,151,152,153,154,155,156,157,158,159,160,161,162,163,164,165,166,167,234,235,236,237,238,239,240,241,242,243,244,245,246,247,248,249,250,251,252,253,254,255,256,257,258,259,260,261,262,263,264,265,266,267,268,269,270,271,272,273,274,275,276,277,278,279,280,281,282,283,284,285,286,287,288,289,290,291,292,293,294,295,296,297,298,299][1,35,36,37,38,39,40,41,42,43,44,45,46,47,48,49,50,51,52,53,54,55,56,57,58,59,60,61,62,63,64,65,66,67,68,69,70,71,72,73,74,75,76,77,78,79,80,81,82,83,84,85,86,87,88,89,90,91,92,93,94,95,96,97,98,99,100,168,169,170,171,172,173,174,175,176,177,178,179,180,181,182,183,184,185,186,187,188,189,190,191,192,193,194,195,196,197,198,199,200,201,202,203,204,205,206,207,208,209,210,211,212,213,214,215,216,217,218,219,220,221,222,223,224,225,226,227,228,229,230,231,232,233,300,301,302,303,304,305,306,307,308,309,310,311,312,313,314,315,316,317,318,319,320,321,322,323,324,325,326,327,328,329,330,331,332,333,334,335]1 169 688106
read the large file
tMultiFile_tmp.large: blocksize=4096  nfile=2  nblock=164176  nCRC=164140
  ncont=166,169  cont=1 [1,35,36,37,38,39,40,41,42,43,44,45,46,47,48,49,50,51,52,53,54,55,56,57,58,59,60,61,62,63,64,65,66,67,68,69,70,71,72,73,74,75,76,77,78,79,80,81,82,83,84,85,86,87,88,89,90,91,92,93,94,95,96,97,98,99,100,168,169,170,171,172,173,174,175,176,177,178,179,180,181,182,183,184,185,186,187,188,189,190,191,192,193,194,195,196,197,198,199,200,201,202,203,204,205,206,207,208,209,210,211,212,213,214,215,216,217,218,219,220,221,222,223,224,225,226,227,228,229,230,231,232,233,300,301,302,303,304,305,306,307,308,309,310,311,312,313,314,315,316,317,318,319,320,321,322,323,324,325,326,327,328,329,330,331,332,333,334,335]  free=[]
file0 0
file1 1

Test a large MultiFile ...
test mode: 32962 32961 1 
 1[][1]1 1 2698
test mode: 64965 64962 2 
 0[2,3,4][1]2 3 9122
test mode: 96968 96965 5 
 1[2,3,4][1,5,6,7]1 4 15546
test mode: 128971 128968 8 
 0[2,3,4,8,9,10][1,5,6,7]2 6 21970
test mode: 160974 160971 11 
 1[2,3,4,8,9,10][1,5,6,7,11,12,13]1 7 28394
test mode: 163856 163854 14 
 0[2,3,4,8,9,10,14,15][1,5,6,7,11,12,13]2 8 28986
read the large file
tMultiFile_tmp.large: blocksize=4096  nfile=2  nblock=163856  nCRC=0
  ncont=8,7  cont=0 [2,3,4,8,9,10,14,15]  free=[]
file0 0
file1 1

Test a large MultiFile ...
test mode: 962 961 1 
 1[][1]1 1 142
test mode: 32995 32962 2 
 0[2,3,4,5,6,7,8,9,10,11,12,13,14,15,16,17,18,19,20,21,22,23,24,25,26,27,28,29,30,31,32,33,34][1]2 33 134810
test mode: 65061 64995 35 
 1[2,3,4,5,6,7,8,9,10,11,12,13,14,15,16,17,18,19,20,21,22,23,24,25,26,27,28,29,30,31,32,33,34][1,35,36,37,38,39,40,41,42,43,44,45,46,47,48,49,50,51,52,53,54,55,56,57,58,59,60,61,62,63,64,65,66,67,68,69,70,71,72,73,74,75,76,77,78,79,80,81,82,83,84,85,86,87,88,89,90,91,92,93,94,95,96,97,98,99,100]1 67 269870
test mode: 97128 97061 101 
 0[2,3,4,5,6,7,8,9,10,11,12,13,14,15,16,17,18,19,20,21,22,23,24,25,26,27,28,29,30,31,32,33,34,101,102,103,104,105,106,107,108,109,110,111,112,113,114,115,116,117,118,119,120,121,122,123,124,125,126,127,128,129,130,131,132,133,134,135,136,137,138,139,140,141,142,143,144,145,146,147,148,149,150,151,152,153,154,155,156,157,158,159,160,161,162,163,164,165,166,167][1,35,36,37,38,39,40,41,42,43,44,45,46,47,48,49,50,51,52,53,54,55,56,57,58,59,60,61,62,63,64,65,66,67,68,69,70,71,72,73,74,75,76,77,78,79,80,81,82,83,84,85,86,87,88,89,90,91,92,93,94,95,96,97,98,99,100]2 100 405070
test mode: 129194 129128 168 
 1[2,3,4,5,6,7,8,9,10,11,12,13,14,15,16,17,18,19,20,21,22,23,24,25,26,27,28,29,30,31,32,33,34,101,102,103,104,105,106,107,108,109,110,111,112,113,114,115,116,117,118,119,120,121,122,123,124,125,126,127,128,129,130,131,132,133,134,135,136,137,138,139,140,141,142,143,144,145,146,147,148,149,150,151,152,153,154,155,156,157,158,159,160,161,162,163,164,165,166,167][1,35,36,37,38,39,40,41,42,43,44,45,46,47,48,49,50,51,52,53,54,55,56,57,58,59,60,61,62,63,64,65,66,67,68,69,70,71,72,73,74,75,76,77,78,79,80,81,82,83,84,85,86,87,88,89,90,91,92,93,94,95,96,97,98,99,100,168,169,170,171,172,173,174,175,176,177,178,179,180,181,182,183,184,185,186,187,188,189,190,191,192,193,194,195,196,197,198,199,200,201,202,203,204,205,206,207,208,209,210,211,212,213,214,215,216,217,218,219,220,221,222,223,224,225,226,227,228,229,230,231,232,233]1 133 540266
test mode: 161260 161194 234 
 0[2,3,4,5,6,7,8,9,10,11,12,13,14,15,16,17,18,19,20,21,22,23,24,25,26,27,28,29,30,31,32,33,34,101,102,103,104,105,106,107,108,109,110,111,112,113,114,115,116,117,118,119,120,121,122,123,124,125,126,127,128,129,130,131,132,133,134,135,136,137,138,139,140,141,142,143,144,145,146,147,148,149,150,151,152,153,154,155,156,157,158,159,160,161,162,163,164,165,166,167,234,235,236,237,238,239,240,241,242,243,244,245,246,247,248,249,250,251,252,253,254,255,256,257,258,259,260,261,262,263,264,265,266,267,268,269,270,271,272,273,274,275,276,277,278,279,280,281,282,283,284,285,286,287,288,289,290,291,292,293,294,295,296,297,298,299][1,35,36,37,38,39,40,41,42,43,44,45,46,47,48,49,50,51,52,53,54,55,56,57,58,59,60,61,62,63,64,65,66,67,68,69,70,71,72,73,74,75,76,77,78,79,80,81,82,83,84,85,86,87,88,89,90,91,92,93,94,95,96,97,98,99,100,168,169,170,171,172,173,174,175,176,177,178,179,180,181,182,183,184,185,186,187,188,189,190,191,192,193,194,195,196,197,198,199,200,201,202,203,204,205,206,207,208,209,210,211,212,213,214,215,216,217,218,219,220,221,222,223,224,225,226,227,228,229,230,231,232,233]2 166 675458
test mode: 164176 164140 300 
 1[2,3,4,5,6,7,8,9,10,11,12,13,14,15,16,17,18,19,20,21,22,23,24,25,26,27,28,29,30,31,32,33,34,101,102,103,104,105,106,107,108,109,110,111,112,113,114,115,116,117,118,119,120,121,122,123,124,125,126,127,128,129,130,131,132,133,134,135,136,137,138,139,140,141,142,143,144,145,146,147,148,149,150,151,152,153,154,155,156,157,158,159,160,161,162,163,164,165,166,167,234,235,236,237,238,239,240,241,242,243,244,245,246,247,248,249,250,251,252,253,254,255,256,257,258,259,260,261,262,263,264,265,266,267,268,269,270,271,272,273,274,275,276,277,278,279,280,281,282,283,284,285,286,287,288,289,290,291,292,293,294,295,296,297,298,299][1,35,36,37,38,39,40,41,42,43,44,45,46,47,48,49,50,51,52,53,54,55,56,57,58,59,60,61,62,63,64,65,66,67,68,69,70,71,72,73,74,75,76,77,78,79,80,81,82,83,84,85,86,87,88,89,90,91,92,93,94,95,96,97,98,99,100,168,169,170,171,172,173,174,175,176,177,178,179,180,181,182,183,184,185,186,187,188,189,190,191,192,193,194,195,196,197,198,199,200,201,202,203,204,205,206,207,208,209,210,211,212,213,214,215,216,217,218,219,220,221,222,223,224,225,226,227,228,229,230,231,232,233,300,301,302,303,304,305,306,307,308,309,310,311,312,313,314,315,316,317,318,319,320,321,322,323,324,325,326,327,328,329,330,331,332,333,334,335]1 169 688106
read the large file
tMultiFile_tmp.large: blocksize=4096  nfile=2  nblock=164176  nCRC=164140
  ncont=166,169  cont=1 [1,35,36,37,38,39,40,41,42,43,44,45,46,47,48,49,50,51,52,53,54,55,56,57,58,59,60,61,62,63,64,65,66,67,68,69,70,71,72,73,74,75,76,77,78,79,80,81,82,83,84,85,86,87,88,89,90,91,92,93,94,95,96,97,98,99,100,168,169,170,171,172,173,174,175,176,177,178,179,180,181,182,183,184,185,186,187,188,189,190,191,192,193,194,195,196,197,198,199,200,201,202,203,204,205,206,207,208,209,210,211,212,213,214,215,216,217,218,219,220,221,222,223,224,225,226,227,228,229,230,231,232,233,300,301,302,303,304,305,306,307,308,309,310,311,312,313,314,315,316,317,318,319,320,321,322,323,324,325,326,327,328,329,330,331,332,333,334,335]  free=[]
file0 0
file1 1

Test a large MultiFile ...
test mode: 32962 32961 1 
 1[][1]1 1 2698
test mode: 64965 64962 2 
 0[2,3,4][1]2 3 9122
test mode: 96968 96965 5 
 1[2,3,4][1,5,6,7]1 4 15546
test mode: 128971 128968 8 
 0[2,3,4,8,9,10][1,5,6,7]2 6 21970
MultiFile::writeHeader ended prematurely for nrBlock=128971
read the large file
tMultiFile_tmp.large: blocksize=4096  nfile=2  nblock=96968  nCRC=0
  ncont=3,4  cont=1 [1,5,6,7]  free=[]
file0 0
file1 1

Test truncation of MultiFile (also nested) ...
tMultiFile_tmp.dat: blocksize=256  nfile=1  nblock=11  nCRC=0
  ncont=0,0  cont=0 []  free=[]
tMultiFile_tmp.dat: blocksize=256  nfile=1  nblock=5  nCRC=0
  ncont=0,0  cont=0 []  free=[]
4
>>>
pack            0 real           0 user           0 system
unpack          0 real           0 user           0 system
pack         0.05 real        0.04 user           0 system
unpack       0.05 real        0.04 user        0.01 system
move1        0.03 real        0.02 user           0 system
move2        0.05 real        0.05 user           0 system
move2        0.05 real        0.05 user           0 system
move3        0.12 real        0.11 user           0 system
exact        0.02 real           0 user        0.02 system
exact        0.02 real           0 user           0 system
double       0.02 real           0 user        0.01 system
double       0.01 real        0.01 user        0.01 system
partly       0.01 real           0 user        0.01 system
partly       0.04 real           0 user        0.02 system
<<<
tMultiFile ended OK
