  *1: {
    TYPE: String "StandardStMan"
    NAME: String "StandardStMan"
    SEQNR: uInt 0
    SPEC: {
      MaxCacheSize: Int 2
      BUCKETSIZE: Int 640
      PERSCACHESIZE: Int 2
      IndexLength: Int 0
    }
    COLUMNS: String array with shape [4]
      [col1, col2, col3, col4]
  }
  *1: {
    TYPE: String "StandardStMan"
    NAME: String "StandardStMan"
    SEQNR: uInt 0
    SPEC: {
      MaxCacheSize: Int 2
      BUCKETSIZE: Int 640
      PERSCACHESIZE: Int 2
      IndexLength: Int 0
    }
    COLUMNS: String array with shape [4]
      [col1, col2, col3, col4]
  }
[]
  *1: {
    TYPE: String "StandardStMan"
    NAME: String "StandardStMan"
    SEQNR: uInt 0
    SPEC: {
      MaxCacheSize: Int 2
      BUCKETSIZE: Int 640
      PERSCACHESIZE: Int 2
      IndexLength: Int 0
    }
    COLUMNS: String array with shape [3]
      [col2, col3, col4]
  }
[col1]
  *1: {
    TYPE: String "StandardStMan"
    NAME: String "StandardStMan"
    SEQNR: uInt 0
    SPEC: {
      MaxCacheSize: Int 2
      BUCKETSIZE: Int 640
      PERSCACHESIZE: Int 2
      IndexLength: Int 0
    }
    COLUMNS: String array with shape [2]
      [col2, col4]
  }
  *2: {
    TYPE: String "TiledShapeStMan"
    NAME: String "TSMData"
    COLUMNS: String array with shape [1]
      [col3]
    SPEC: {
      DEFAULTTILESHAPE: Int array with shape [3]
        [3, 4, 5]
    }
  }

